// Jest Snapshot v1, https://goo.gl/fbAQLP

exports[`default transformations scripts sorts the scripts based on 3rd party module 1`] = `
Array [
  "key",
  Object {
    "name0": "value0",
    "name1": "value1",
    "name2": "value2",
    "name3": "value3",
    "name4": "value4",
  },
]
`;
